<?xml version="1.0" encoding="utf-8"?><testsuites name="pytest tests"><testsuite name="pytest" errors="0" failures="0" skipped="0" tests="76" time="5.850" timestamp="2026-09-28T04:12:13.401619+08:00" hostname="7ltzr4eek5b0yvq"><testcase classname="tests.test_api" name="test_health" time="0.019" /><testcase classname="tests.test_api" name="test_solve_returns_full_error_evidence_contract" time="0.015" /><testcase classname="tests.test_api" name="test_complex_coefficient_shapes_accepted" time="0.010" /><testcase classname="tests.test_api" name="test_zero_polynomial_is_400_input_error" time="0.006" /><testcase classname="tests.test_api" name="test_non_finite_coefficient_is_distinct_400" time="0.006" /><testcase classname="tests.test_api" name="test_non_numeric_coefficient_is_400" time="0.006" /><testcase classname="tests.test_api" name="test_empty_coefficients_rejected_at_schema" time="0.006" /><testcase classname="tests.test_api" name="test_degree_limit_is_413_resource_exhausted" time="0.007" /><testcase classname="tests.test_api" name="test_invalid_option_is_400" time="0.006" /><testcase classname="tests.test_api" name="test_computation_failure_is_distinct_422" time="0.007" /><testcase classname="tests.test_api" name="test_run_id_conflict_is_409_state_conflict" time="0.015" /><testcase classname="tests.test_api" name="test_run_retrieval_and_missing_404" time="0.024" /><testcase classname="tests.test_api" name="test_not_converged_is_still_200_with_explicit_status" time="0.012" /><testcase classname="tests.test_degree_boundaries" name="test_constant_nonzero_polynomial_has_no_roots" time="0.001" /><testcase classname="tests.test_degree_boundaries" name="test_linear_polynomial_exact_root_both_kernels" time="0.003" /><testcase classname="tests.test_degree_boundaries" name="test_auto_kernel_picks_companion_for_low_degree" time="0.002" /><testcase classname="tests.test_degree_boundaries" name="test_auto_kernel_picks_aberth_for_high_degree" time="2.443" /><testcase classname="tests.test_degree_boundaries" name="test_leading_zero_stripping_changes_reported_degree" time="0.001" /><testcase classname="tests.test_evidence" name="test_residual_of_exact_root_is_machine_precision_level" time="0.001" /><testcase classname="tests.test_evidence" name="test_residual_is_scale_invariant_for_large_coefficients" time="0.001" /><testcase classname="tests.test_evidence" name="test_cluster_groups_only_close_roots" time="0.001" /><testcase classname="tests.test_evidence" name="test_nearest_separation_is_small_for_cluster_large_otherwise" time="0.001" /><testcase classname="tests.test_evidence" name="test_sensitivity_huge_for_near_double_moderate_for_simple" time="0.001" /><testcase classname="tests.test_evidence" name="test_vieta_relations_for_known_polynomial" time="0.001" /><testcase classname="tests.test_evidence" name="test_vieta_detects_wrong_roots" time="0.001" /><testcase classname="tests.test_evidence" name="test_factor_reconstruction_exact_for_simple_polynomial" time="0.001" /><testcase classname="tests.test_evidence" name="test_factor_reconstruction_sparse_cancellation_is_diagnosed" time="0.096" /><testcase classname="tests.test_near_roots" name="test_near_double_roots_labeled_despite_tiny_residual[companion]" time="0.003" /><testcase classname="tests.test_near_roots" name="test_near_double_roots_labeled_despite_tiny_residual[aberth]" time="0.004" /><testcase classname="tests.test_near_roots" name="test_near_double_float64_error_is_real_and_bounded_by_conditioning" time="0.023" /><testcase classname="tests.test_near_roots" name="test_exact_double_roots_are_not_claimed_converged" time="0.006" /><testcase classname="tests.test_near_roots" name="test_iteration_budget_exhaustion_preserves_state" time="0.003" /><testcase classname="tests.test_near_roots" name="test_seeded_run_is_reproducible" time="0.004" /><testcase classname="tests.test_near_roots" name="test_different_seed_can_change_path_but_not_validity" time="0.004" /><testcase classname="tests.test_ordering" name="test_stable_order_sorts_by_real_then_imag" time="0.001" /><testcase classname="tests.test_ordering" name="test_stable_order_is_deterministic_under_input_permutation" time="0.001" /><testcase classname="tests.test_ordering" name="test_conjugate_pairing_requires_explicit_tolerance" time="0.001" /><testcase classname="tests.test_ordering" name="test_pairing_tolerance_rejects_near_but_not_conjugate" time="0.001" /><testcase classname="tests.test_ordering" name="test_no_duplicate_pairing_when_three_candidates" time="0.001" /><testcase classname="tests.test_ordering" name="test_response_root_order_is_canonical_and_indexed" time="0.002" /><testcase classname="tests.test_ordering" name="test_invalid_options_rejected[kwargs0]" time="0.001" /><testcase classname="tests.test_ordering" name="test_invalid_options_rejected[kwargs1]" time="0.001" /><testcase classname="tests.test_ordering" name="test_invalid_options_rejected[kwargs2]" time="0.001" /><testcase classname="tests.test_ordering" name="test_invalid_options_rejected[kwargs3]" time="0.001" /><testcase classname="tests.test_ordering" name="test_invalid_options_rejected[kwargs4]" time="0.001" /><testcase classname="tests.test_ordering" name="test_cluster_tol_smaller_than_convergence_tol_rejected" time="0.001" /><testcase classname="tests.test_runlog" name="test_run_is_persisted_and_replayable" time="0.008" /><testcase classname="tests.test_runlog" name="test_same_run_id_same_input_is_idempotent" time="0.007" /><testcase classname="tests.test_runlog" name="test_same_run_id_different_input_is_state_conflict" time="0.006" /><testcase classname="tests.test_runlog" name="test_load_missing_run_returns_none" time="0.003" /><testcase classname="tests.test_solver" name="test_known_real_roots_recovered[companion]" time="0.002" /><testcase classname="tests.test_solver" name="test_known_real_roots_recovered[aberth]" time="0.003" /><testcase classname="tests.test_solver" name="test_known_complex_roots_recovered_and_conjugate_paired[companion]" time="0.003" /><testcase classname="tests.test_solver" name="test_known_complex_roots_recovered_and_conjugate_paired[aberth]" time="0.003" /><testcase classname="tests.test_solver" name="test_matches_independent_high_precision_reference[companion]" time="0.036" /><testcase classname="tests.test_solver" name="test_matches_independent_high_precision_reference[aberth]" time="0.037" /><testcase classname="tests.test_solver" name="test_roots_of_unity_high_degree_sparse" time="0.493" /><testcase classname="tests.test_solver" name="test_zero_root_polynomial" time="0.002" /><testcase classname="tests.test_solver" name="test_wilkinson_polynomial_solver_error_is_witnessed_by_conditioning" time="0.579" /><testcase classname="tests.test_validation" name="test_descending_order_is_normalized_to_ascending_monic" time="0.001" /><testcase classname="tests.test_validation" name="test_ascending_order_is_preserved" time="0.001" /><testcase classname="tests.test_validation" name="test_leading_zero_coefficients_are_stripped_not_silently_mistreated" time="0.001" /><testcase classname="tests.test_validation" name="test_zero_polynomial_is_rejected_not_returning_nonsense" time="0.001" /><testcase classname="tests.test_validation" name="test_tiny_but_nonzero_polynomial_is_not_confused_with_zero" time="0.001" /><testcase classname="tests.test_validation" name="test_non_numeric_coefficients_raise_input_error[bad0]" time="0.001" /><testcase classname="tests.test_validation" name="test_non_numeric_coefficients_raise_input_error[bad1]" time="0.001" /><testcase classname="tests.test_validation" name="test_non_numeric_coefficients_raise_input_error[bad2]" time="0.001" /><testcase classname="tests.test_validation" name="test_non_numeric_coefficients_raise_input_error[bad3]" time="0.001" /><testcase classname="tests.test_validation" name="test_non_numeric_coefficients_raise_input_error[bad4]" time="0.001" /><testcase classname="tests.test_validation" name="test_non_finite_coefficients_raise_distinct_error[bad0]" time="0.001" /><testcase classname="tests.test_validation" name="test_non_finite_coefficients_raise_distinct_error[bad1]" time="0.001" /><testcase classname="tests.test_validation" name="test_non_finite_coefficients_raise_distinct_error[bad2]" time="0.001" /><testcase classname="tests.test_validation" name="test_complex_shapes_accepted" time="0.001" /><testcase classname="tests.test_validation" name="test_pair_shape_must_have_exactly_two_elements" time="0.001" /><testcase classname="tests.test_validation" name="test_degree_above_limit_is_resource_not_input_error" time="0.002" /><testcase classname="tests.test_validation" name="test_error_categories_are_pairwise_distinguishable" time="0.001" /></testsuite></testsuites>