============================= test session starts ==============================
platform linux -- Python 3.12.3, pytest-9.1.1, pluggy-1.6.0 -- /usr/bin/python3
cachedir: .pytest_cache
rootdir: /home/admin/Downloads/xinbiaozhul/opp500/a
configfile: pytest.ini
testpaths: tests
plugins: cov-7.1.0, anyio-4.15.1
collecting ... collected 60 items

tests/test_api.py::test_health_and_version PASSED                        [  1%]
tests/test_api.py::test_find_seam_gradient_exact PASSED                  [  3%]
tests/test_api.py::test_find_seam_forward_exact PASSED                   [  5%]
tests/test_api.py::test_carve_returns_original_coordinate_paths PASSED   [  6%]
tests/test_api.py::test_no_legal_seam_returns_409_with_category PASSED   [  8%]
tests/test_api.py::test_mask_shape_mismatch_is_contract_violation PASSED [ 10%]
tests/test_api.py::test_mask_values_must_be_binary PASSED                [ 11%]
tests/test_api.py::test_pixel_out_of_range_is_contract_violation PASSED  [ 13%]
tests/test_api.py::test_ragged_pixels_are_contract_violation PASSED      [ 15%]
tests/test_api.py::test_unknown_energy_mode_is_request_validation PASSED [ 16%]
tests/test_api.py::test_excessive_seam_count_is_contract_violation PASSED [ 18%]
tests/test_api.py::test_failures_never_return_success_status PASSED      [ 20%]
tests/test_carving.py::test_consecutive_removals_update_coordinate_mapping PASSED [ 21%]
tests/test_carving.py::test_energy_is_recomputed_not_reused PASSED       [ 23%]
tests/test_carving.py::test_removed_pixels_are_distinct_across_seams PASSED [ 25%]
tests/test_carving.py::test_remove_seam_does_not_mutate_state PASSED     [ 26%]
tests/test_carving.py::test_carve_rejects_excessive_seam_count PASSED    [ 28%]
tests/test_carving.py::test_carve_rejects_zero_seams PASSED              [ 30%]
tests/test_energy.py::test_gradient_energy_matches_hand_derived PASSED   [ 31%]
tests/test_energy.py::test_forward_components_match_hand_derived PASSED  [ 33%]
tests/test_energy.py::test_gradient_energy_rgb_sums_channels PASSED      [ 35%]
tests/test_energy.py::test_gradient_energy_1x1_is_zero PASSED            [ 36%]
tests/test_energy.py::test_energy_dtype_and_shape PASSED                 [ 38%]
tests/test_energy.py::test_energy_rejects_bad_input PASSED               [ 40%]
tests/test_jobs.py::test_chunked_progress_sequence PASSED                [ 41%]
tests/test_jobs.py::test_failed_job_logs_failure_not_success PASSED      [ 43%]
tests/test_kernel.py::test_gradient_hand_4x4_exact_path_and_energy PASSED [ 45%]
tests/test_kernel.py::test_forward_hand_4x4_exact_path_and_energy PASSED [ 46%]
tests/test_kernel.py::test_gradient_matches_brute_force_minimum[0] PASSED [ 48%]
tests/test_kernel.py::test_gradient_matches_brute_force_minimum[1] PASSED [ 50%]
tests/test_kernel.py::test_gradient_matches_brute_force_minimum[2] PASSED [ 51%]
tests/test_kernel.py::test_gradient_matches_brute_force_minimum[3] PASSED [ 53%]
tests/test_kernel.py::test_gradient_matches_brute_force_minimum[4] PASSED [ 55%]
tests/test_kernel.py::test_gradient_matches_brute_force_minimum[5] PASSED [ 56%]
tests/test_kernel.py::test_forward_matches_brute_force_minimum[0] PASSED [ 58%]
tests/test_kernel.py::test_forward_matches_brute_force_minimum[1] PASSED [ 60%]
tests/test_kernel.py::test_forward_matches_brute_force_minimum[2] PASSED [ 61%]
tests/test_kernel.py::test_forward_matches_brute_force_minimum[3] PASSED [ 63%]
tests/test_kernel.py::test_forward_matches_brute_force_minimum[4] PASSED [ 65%]
tests/test_kernel.py::test_forward_matches_brute_force_minimum[5] PASSED [ 66%]
tests/test_kernel.py::test_displacement_limit_is_one_on_fixtures PASSED  [ 68%]
tests/test_protection.py::test_fully_protected_row_rejects[gradient] PASSED [ 70%]
tests/test_protection.py::test_fully_protected_row_rejects[forward] PASSED [ 71%]
tests/test_protection.py::test_fully_protected_image_rejects[gradient] PASSED [ 73%]
tests/test_protection.py::test_fully_protected_image_rejects[forward] PASSED [ 75%]
tests/test_protection.py::test_protected_column_forces_detour_gradient PASSED [ 76%]
tests/test_protection.py::test_seam_never_crosses_protected_cells[0-gradient] PASSED [ 78%]
tests/test_protection.py::test_seam_never_crosses_protected_cells[0-forward] PASSED [ 80%]
tests/test_protection.py::test_seam_never_crosses_protected_cells[1-gradient] PASSED [ 81%]
tests/test_protection.py::test_seam_never_crosses_protected_cells[1-forward] PASSED [ 83%]
tests/test_protection.py::test_seam_never_crosses_protected_cells[2-gradient] PASSED [ 85%]
tests/test_protection.py::test_seam_never_crosses_protected_cells[2-forward] PASSED [ 86%]
tests/test_protection.py::test_seam_never_crosses_protected_cells[3-gradient] PASSED [ 88%]
tests/test_protection.py::test_seam_never_crosses_protected_cells[3-forward] PASSED [ 90%]
tests/test_protection.py::test_seam_never_crosses_protected_cells[4-gradient] PASSED [ 91%]
tests/test_protection.py::test_seam_never_crosses_protected_cells[4-forward] PASSED [ 93%]
tests/test_ties.py::test_uniform_image_ties_break_to_leftmost_straight PASSED [ 95%]
tests/test_ties.py::test_center_preferred_over_up_left_on_tie PASSED     [ 96%]
tests/test_ties.py::test_up_left_preferred_over_up_right_on_tie PASSED   [ 98%]
tests/test_ties.py::test_ties_are_deterministic_across_calls PASSED      [100%]

=============================== warnings summary ===============================
../../../../.local/lib/python3.12/site-packages/fastapi/testclient.py:1
  /home/admin/.local/lib/python3.12/site-packages/fastapi/testclient.py:1: StarletteDeprecationWarning: Using `httpx` with `starlette.testclient` is deprecated; install `httpx2` instead.
    from starlette.testclient import TestClient as TestClient  # noqa

-- Docs: https://docs.pytest.org/en/stable/how-to/capture-warnings.html
======================== 60 passed, 1 warning in 14.31s ========================
