{"ts": "2026-10-03T09:34:22.864814+00:00", "run_id": "pytest-0ad5862db4fd", "event": "test_session_start", "step": "init", "versions": {"python": "3.12.3", "numpy": "2.4.6", "scipy": "1.15.3", "pillow": "10.2.0", "seamcarve": "0.1.0"}}
{"ts": "2026-10-03T09:34:22.865244+00:00", "run_id": "pytest-0ad5862db4fd", "event": "test_start", "step": "test", "test": "tests/test_api.py::test_health_and_version"}
{"ts": "2026-10-03T09:34:22.873366+00:00", "run_id": "pytest-0ad5862db4fd", "event": "test_end", "step": "test", "test": "tests/test_api.py::test_health_and_version", "outcome": "passed"}
{"ts": "2026-10-03T09:34:22.874034+00:00", "run_id": "pytest-0ad5862db4fd", "event": "test_start", "step": "test", "test": "tests/test_api.py::test_find_seam_gradient_exact"}
{"ts": "2026-10-03T09:34:22.878542+00:00", "run_id": "pytest-0ad5862db4fd", "event": "assertion", "step": "api", "basis": "hand-derived seam via HTTP", "endpoint": "/v1/seam/find", "status": 200}
{"ts": "2026-10-03T09:34:22.879149+00:00", "run_id": "pytest-0ad5862db4fd", "event": "test_end", "step": "test", "test": "tests/test_api.py::test_find_seam_gradient_exact", "outcome": "passed"}
{"ts": "2026-10-03T09:34:22.879757+00:00", "run_id": "pytest-0ad5862db4fd", "event": "test_start", "step": "test", "test": "tests/test_api.py::test_find_seam_forward_exact"}
{"ts": "2026-10-03T09:34:22.883643+00:00", "run_id": "pytest-0ad5862db4fd", "event": "test_end", "step": "test", "test": "tests/test_api.py::test_find_seam_forward_exact", "outcome": "passed"}
{"ts": "2026-10-03T09:34:22.884215+00:00", "run_id": "pytest-0ad5862db4fd", "event": "test_start", "step": "test", "test": "tests/test_api.py::test_carve_returns_original_coordinate_paths"}
{"ts": "2026-10-03T09:34:22.888896+00:00", "run_id": "pytest-0ad5862db4fd", "event": "assertion", "step": "api", "basis": "hand-derived 2-seam carve via HTTP", "endpoint": "/v1/carve", "status": 200}
{"ts": "2026-10-03T09:34:22.889318+00:00", "run_id": "pytest-0ad5862db4fd", "event": "test_end", "step": "test", "test": "tests/test_api.py::test_carve_returns_original_coordinate_paths", "outcome": "passed"}
{"ts": "2026-10-03T09:34:22.889918+00:00", "run_id": "pytest-0ad5862db4fd", "event": "test_start", "step": "test", "test": "tests/test_api.py::test_no_legal_seam_returns_409_with_category"}
{"ts": "2026-10-03T09:34:22.913516+00:00", "run_id": "pytest-0ad5862db4fd", "event": "test_end", "step": "test", "test": "tests/test_api.py::test_no_legal_seam_returns_409_with_category", "outcome": "passed"}
{"ts": "2026-10-03T09:34:22.914186+00:00", "run_id": "pytest-0ad5862db4fd", "event": "test_start", "step": "test", "test": "tests/test_api.py::test_mask_shape_mismatch_is_contract_violation"}
{"ts": "2026-10-03T09:34:22.917554+00:00", "run_id": "pytest-0ad5862db4fd", "event": "test_end", "step": "test", "test": "tests/test_api.py::test_mask_shape_mismatch_is_contract_violation", "outcome": "passed"}
{"ts": "2026-10-03T09:34:22.918145+00:00", "run_id": "pytest-0ad5862db4fd", "event": "test_start", "step": "test", "test": "tests/test_api.py::test_mask_values_must_be_binary"}
{"ts": "2026-10-03T09:34:22.921684+00:00", "run_id": "pytest-0ad5862db4fd", "event": "test_end", "step": "test", "test": "tests/test_api.py::test_mask_values_must_be_binary", "outcome": "passed"}
{"ts": "2026-10-03T09:34:22.922248+00:00", "run_id": "pytest-0ad5862db4fd", "event": "test_start", "step": "test", "test": "tests/test_api.py::test_pixel_out_of_range_is_contract_violation"}
{"ts": "2026-10-03T09:34:22.925581+00:00", "run_id": "pytest-0ad5862db4fd", "event": "test_end", "step": "test", "test": "tests/test_api.py::test_pixel_out_of_range_is_contract_violation", "outcome": "passed"}
{"ts": "2026-10-03T09:34:22.926191+00:00", "run_id": "pytest-0ad5862db4fd", "event": "test_start", "step": "test", "test": "tests/test_api.py::test_ragged_pixels_are_contract_violation"}
{"ts": "2026-10-03T09:34:22.929529+00:00", "run_id": "pytest-0ad5862db4fd", "event": "test_end", "step": "test", "test": "tests/test_api.py::test_ragged_pixels_are_contract_violation", "outcome": "passed"}
{"ts": "2026-10-03T09:34:22.930112+00:00", "run_id": "pytest-0ad5862db4fd", "event": "test_start", "step": "test", "test": "tests/test_api.py::test_unknown_energy_mode_is_request_validation"}
{"ts": "2026-10-03T09:34:22.932743+00:00", "run_id": "pytest-0ad5862db4fd", "event": "test_end", "step": "test", "test": "tests/test_api.py::test_unknown_energy_mode_is_request_validation", "outcome": "passed"}
{"ts": "2026-10-03T09:34:22.933317+00:00", "run_id": "pytest-0ad5862db4fd", "event": "test_start", "step": "test", "test": "tests/test_api.py::test_excessive_seam_count_is_contract_violation"}
{"ts": "2026-10-03T09:34:22.937010+00:00", "run_id": "pytest-0ad5862db4fd", "event": "test_end", "step": "test", "test": "tests/test_api.py::test_excessive_seam_count_is_contract_violation", "outcome": "passed"}
{"ts": "2026-10-03T09:34:22.937599+00:00", "run_id": "pytest-0ad5862db4fd", "event": "test_start", "step": "test", "test": "tests/test_api.py::test_failures_never_return_success_status"}
{"ts": "2026-10-03T09:34:22.941983+00:00", "run_id": "pytest-0ad5862db4fd", "event": "test_end", "step": "test", "test": "tests/test_api.py::test_failures_never_return_success_status", "outcome": "passed"}
{"ts": "2026-10-03T09:34:22.942672+00:00", "run_id": "pytest-0ad5862db4fd", "event": "test_start", "step": "test", "test": "tests/test_carving.py::test_consecutive_removals_update_coordinate_mapping"}
{"ts": "2026-10-03T09:34:22.943591+00:00", "run_id": "pytest-0ad5862db4fd", "event": "assertion", "step": "carve", "basis": "hand-derived two-seam carve", "input": "hand_4x4", "seam1": [[0, 0], [1, 0], [2, 0], [3, 0]], "seam2": [[0, 1], [1, 1], [2, 1], [3, 1]]}
{"ts": "2026-10-03T09:34:22.944065+00:00", "run_id": "pytest-0ad5862db4fd", "event": "test_end", "step": "test", "test": "tests/test_carving.py::test_consecutive_removals_update_coordinate_mapping", "outcome": "passed"}
{"ts": "2026-10-03T09:34:22.944634+00:00", "run_id": "pytest-0ad5862db4fd", "event": "test_start", "step": "test", "test": "tests/test_carving.py::test_energy_is_recomputed_not_reused"}
{"ts": "2026-10-03T09:34:27.400088+00:00", "run_id": "pytest-0ad5862db4fd", "event": "assertion", "step": "carve", "basis": "independent rebuild + brute force", "input": "random_12x10", "input_sha256": "fa49fe207e780aa0549e82cd6feac7dd7fb63e8cb56c8aef7eb0d22a0c557793", "seam_index": 0, "reported_energy": 1089.0, "brute_min": 1089.0}
{"ts": "2026-10-03T09:34:31.135169+00:00", "run_id": "pytest-0ad5862db4fd", "event": "assertion", "step": "carve", "basis": "independent rebuild + brute force", "input": "random_12x10", "input_sha256": "fa49fe207e780aa0549e82cd6feac7dd7fb63e8cb56c8aef7eb0d22a0c557793", "seam_index": 1, "reported_energy": 969.0, "brute_min": 969.0}
{"ts": "2026-10-03T09:34:34.220282+00:00", "run_id": "pytest-0ad5862db4fd", "event": "assertion", "step": "carve", "basis": "independent rebuild + brute force", "input": "random_12x10", "input_sha256": "fa49fe207e780aa0549e82cd6feac7dd7fb63e8cb56c8aef7eb0d22a0c557793", "seam_index": 2, "reported_energy": 1129.0, "brute_min": 1129.0}
{"ts": "2026-10-03T09:34:36.616080+00:00", "run_id": "pytest-0ad5862db4fd", "event": "assertion", "step": "carve", "basis": "independent rebuild + brute force", "input": "random_12x10", "input_sha256": "fa49fe207e780aa0549e82cd6feac7dd7fb63e8cb56c8aef7eb0d22a0c557793", "seam_index": 3, "reported_energy": 1301.0, "brute_min": 1301.0}
{"ts": "2026-10-03T09:34:36.616938+00:00", "run_id": "pytest-0ad5862db4fd", "event": "test_end", "step": "test", "test": "tests/test_carving.py::test_energy_is_recomputed_not_reused", "outcome": "passed"}
{"ts": "2026-10-03T09:34:36.617602+00:00", "run_id": "pytest-0ad5862db4fd", "event": "test_start", "step": "test", "test": "tests/test_carving.py::test_removed_pixels_are_distinct_across_seams"}
{"ts": "2026-10-03T09:34:36.620963+00:00", "run_id": "pytest-0ad5862db4fd", "event": "test_end", "step": "test", "test": "tests/test_carving.py::test_removed_pixels_are_distinct_across_seams", "outcome": "passed"}
{"ts": "2026-10-03T09:34:36.621522+00:00", "run_id": "pytest-0ad5862db4fd", "event": "test_start", "step": "test", "test": "tests/test_carving.py::test_remove_seam_does_not_mutate_state"}
{"ts": "2026-10-03T09:34:36.624781+00:00", "run_id": "pytest-0ad5862db4fd", "event": "test_end", "step": "test", "test": "tests/test_carving.py::test_remove_seam_does_not_mutate_state", "outcome": "passed"}
{"ts": "2026-10-03T09:34:36.625357+00:00", "run_id": "pytest-0ad5862db4fd", "event": "test_start", "step": "test", "test": "tests/test_carving.py::test_carve_rejects_excessive_seam_count"}
{"ts": "2026-10-03T09:34:36.625982+00:00", "run_id": "pytest-0ad5862db4fd", "event": "test_end", "step": "test", "test": "tests/test_carving.py::test_carve_rejects_excessive_seam_count", "outcome": "passed"}
{"ts": "2026-10-03T09:34:36.626510+00:00", "run_id": "pytest-0ad5862db4fd", "event": "test_start", "step": "test", "test": "tests/test_carving.py::test_carve_rejects_zero_seams"}
{"ts": "2026-10-03T09:34:36.627095+00:00", "run_id": "pytest-0ad5862db4fd", "event": "test_end", "step": "test", "test": "tests/test_carving.py::test_carve_rejects_zero_seams", "outcome": "passed"}
{"ts": "2026-10-03T09:34:36.627911+00:00", "run_id": "pytest-0ad5862db4fd", "event": "test_start", "step": "test", "test": "tests/test_energy.py::test_gradient_energy_matches_hand_derived"}
{"ts": "2026-10-03T09:34:36.628395+00:00", "run_id": "pytest-0ad5862db4fd", "event": "assertion", "step": "energy", "basis": "hand-derived gradient array", "input": "hand_4x4", "expected": [[10.0, 20.0, 20.0, 10.0], [50.0, 60.0, 60.0, 50.0], [50.0, 60.0, 60.0, 50.0], [10.0, 20.0, 20.0, 10.0]], "got": [[10.0, 20.0, 20.0, 10.0], [50.0, 60.0, 60.0, 50.0], [50.0, 60.0, 60.0, 50.0], [10.0, 20.0, 20.0, 10.0]]}
{"ts": "2026-10-03T09:34:36.629035+00:00", "run_id": "pytest-0ad5862db4fd", "event": "test_end", "step": "test", "test": "tests/test_energy.py::test_gradient_energy_matches_hand_derived", "outcome": "passed"}
{"ts": "2026-10-03T09:34:36.629617+00:00", "run_id": "pytest-0ad5862db4fd", "event": "test_start", "step": "test", "test": "tests/test_energy.py::test_forward_components_match_hand_derived"}
{"ts": "2026-10-03T09:34:36.630054+00:00", "run_id": "pytest-0ad5862db4fd", "event": "assertion", "step": "energy", "basis": "hand-derived CU/CL/CR arrays", "input": "hand_4x4"}
{"ts": "2026-10-03T09:34:36.630550+00:00", "run_id": "pytest-0ad5862db4fd", "event": "test_end", "step": "test", "test": "tests/test_energy.py::test_forward_components_match_hand_derived", "outcome": "passed"}
{"ts": "2026-10-03T09:34:36.631145+00:00", "run_id": "pytest-0ad5862db4fd", "event": "test_start", "step": "test", "test": "tests/test_energy.py::test_gradient_energy_rgb_sums_channels"}
{"ts": "2026-10-03T09:34:36.631980+00:00", "run_id": "pytest-0ad5862db4fd", "event": "test_end", "step": "test", "test": "tests/test_energy.py::test_gradient_energy_rgb_sums_channels", "outcome": "passed"}
{"ts": "2026-10-03T09:34:36.632524+00:00", "run_id": "pytest-0ad5862db4fd", "event": "test_start", "step": "test", "test": "tests/test_energy.py::test_gradient_energy_1x1_is_zero"}
{"ts": "2026-10-03T09:34:36.633177+00:00", "run_id": "pytest-0ad5862db4fd", "event": "test_end", "step": "test", "test": "tests/test_energy.py::test_gradient_energy_1x1_is_zero", "outcome": "passed"}
{"ts": "2026-10-03T09:34:36.633677+00:00", "run_id": "pytest-0ad5862db4fd", "event": "test_start", "step": "test", "test": "tests/test_energy.py::test_energy_dtype_and_shape"}
{"ts": "2026-10-03T09:34:36.635125+00:00", "run_id": "pytest-0ad5862db4fd", "event": "test_end", "step": "test", "test": "tests/test_energy.py::test_energy_dtype_and_shape", "outcome": "passed"}
{"ts": "2026-10-03T09:34:36.635670+00:00", "run_id": "pytest-0ad5862db4fd", "event": "test_start", "step": "test", "test": "tests/test_energy.py::test_energy_rejects_bad_input"}
{"ts": "2026-10-03T09:34:36.636230+00:00", "run_id": "pytest-0ad5862db4fd", "event": "test_end", "step": "test", "test": "tests/test_energy.py::test_energy_rejects_bad_input", "outcome": "passed"}
{"ts": "2026-10-03T09:34:36.636912+00:00", "run_id": "pytest-0ad5862db4fd", "event": "test_start", "step": "test", "test": "tests/test_jobs.py::test_chunked_progress_sequence"}
{"ts": "2026-10-03T09:34:36.641635+00:00", "run_id": "pytest-0ad5862db4fd", "event": "assertion", "step": "job", "basis": "chunk progress + log correlation", "job_id": "job-test-001", "events": ["job_start", "seam_found", "seam_found", "chunk_done", "seam_found", "seam_found", "chunk_done", "seam_found", "chunk_done", "job_done"]}
{"ts": "2026-10-03T09:34:36.642082+00:00", "run_id": "pytest-0ad5862db4fd", "event": "test_end", "step": "test", "test": "tests/test_jobs.py::test_chunked_progress_sequence", "outcome": "passed"}
{"ts": "2026-10-03T09:34:36.642634+00:00", "run_id": "pytest-0ad5862db4fd", "event": "test_start", "step": "test", "test": "tests/test_jobs.py::test_failed_job_logs_failure_not_success"}
{"ts": "2026-10-03T09:34:36.644644+00:00", "run_id": "pytest-0ad5862db4fd", "event": "test_end", "step": "test", "test": "tests/test_jobs.py::test_failed_job_logs_failure_not_success", "outcome": "passed"}
{"ts": "2026-10-03T09:34:36.645406+00:00", "run_id": "pytest-0ad5862db4fd", "event": "test_start", "step": "test", "test": "tests/test_kernel.py::test_gradient_hand_4x4_exact_path_and_energy"}
{"ts": "2026-10-03T09:34:36.645956+00:00", "run_id": "pytest-0ad5862db4fd", "event": "assertion", "step": "dp", "basis": "hand-derived DP sweep", "input": "hand_4x4", "mode": "gradient", "expected_columns": [0, 0, 0, 0], "expected_energy": 120.0, "got_columns": [0, 0, 0, 0], "got_energy": 120.0}
{"ts": "2026-10-03T09:34:36.646377+00:00", "run_id": "pytest-0ad5862db4fd", "event": "test_end", "step": "test", "test": "tests/test_kernel.py::test_gradient_hand_4x4_exact_path_and_energy", "outcome": "passed"}
{"ts": "2026-10-03T09:34:36.646979+00:00", "run_id": "pytest-0ad5862db4fd", "event": "test_start", "step": "test", "test": "tests/test_kernel.py::test_forward_hand_4x4_exact_path_and_energy"}
{"ts": "2026-10-03T09:34:36.647490+00:00", "run_id": "pytest-0ad5862db4fd", "event": "assertion", "step": "dp", "basis": "hand-derived forward DP sweep", "input": "hand_4x4", "mode": "forward", "expected_columns": [0, 0, 0, 0], "expected_energy": 30.0, "got_columns": [0, 0, 0, 0], "got_energy": 30.0}
{"ts": "2026-10-03T09:34:36.647915+00:00", "run_id": "pytest-0ad5862db4fd", "event": "test_end", "step": "test", "test": "tests/test_kernel.py::test_forward_hand_4x4_exact_path_and_energy", "outcome": "passed"}
{"ts": "2026-10-03T09:34:36.648450+00:00", "run_id": "pytest-0ad5862db4fd", "event": "test_start", "step": "test", "test": "tests/test_kernel.py::test_gradient_matches_brute_force_minimum[0]"}
{"ts": "2026-10-03T09:34:36.656567+00:00", "run_id": "pytest-0ad5862db4fd", "event": "assertion", "step": "dp", "basis": "brute-force enumeration + reference DP", "seed": 0, "n_seams_enumerated": 178, "brute_min": 403.0, "kernel_energy": 403.0, "kernel_columns": [3, 3, 2, 1, 2], "reference_columns": [3, 3, 2, 1, 2]}
{"ts": "2026-10-03T09:34:36.657291+00:00", "run_id": "pytest-0ad5862db4fd", "event": "test_end", "step": "test", "test": "tests/test_kernel.py::test_gradient_matches_brute_force_minimum[0]", "outcome": "passed"}
{"ts": "2026-10-03T09:34:36.657903+00:00", "run_id": "pytest-0ad5862db4fd", "event": "test_start", "step": "test", "test": "tests/test_kernel.py::test_gradient_matches_brute_force_minimum[1]"}
{"ts": "2026-10-03T09:34:36.659135+00:00", "run_id": "pytest-0ad5862db4fd", "event": "assertion", "step": "dp", "basis": "brute-force enumeration + reference DP", "seed": 1, "n_seams_enumerated": 178, "brute_min": 589.0, "kernel_energy": 589.0, "kernel_columns": [1, 1, 1, 0, 1], "reference_columns": [1, 1, 1, 0, 1]}
{"ts": "2026-10-03T09:34:36.659565+00:00", "run_id": "pytest-0ad5862db4fd", "event": "test_end", "step": "test", "test": "tests/test_kernel.py::test_gradient_matches_brute_force_minimum[1]", "outcome": "passed"}
{"ts": "2026-10-03T09:34:36.660133+00:00", "run_id": "pytest-0ad5862db4fd", "event": "test_start", "step": "test", "test": "tests/test_kernel.py::test_gradient_matches_brute_force_minimum[2]"}
{"ts": "2026-10-03T09:34:36.661481+00:00", "run_id": "pytest-0ad5862db4fd", "event": "assertion", "step": "dp", "basis": "brute-force enumeration + reference DP", "seed": 2, "n_seams_enumerated": 178, "brute_min": 585.0, "kernel_energy": 585.0, "kernel_columns": [0, 1, 0, 0, 0], "reference_columns": [0, 1, 0, 0, 0]}
{"ts": "2026-10-03T09:34:36.661964+00:00", "run_id": "pytest-0ad5862db4fd", "event": "test_end", "step": "test", "test": "tests/test_kernel.py::test_gradient_matches_brute_force_minimum[2]", "outcome": "passed"}
{"ts": "2026-10-03T09:34:36.662503+00:00", "run_id": "pytest-0ad5862db4fd", "event": "test_start", "step": "test", "test": "tests/test_kernel.py::test_gradient_matches_brute_force_minimum[3]"}
{"ts": "2026-10-03T09:34:36.663647+00:00", "run_id": "pytest-0ad5862db4fd", "event": "assertion", "step": "dp", "basis": "brute-force enumeration + reference DP", "seed": 3, "n_seams_enumerated": 178, "brute_min": 411.0, "kernel_energy": 411.0, "kernel_columns": [1, 1, 0, 1, 0], "reference_columns": [1, 1, 0, 1, 0]}
{"ts": "2026-10-03T09:34:36.664119+00:00", "run_id": "pytest-0ad5862db4fd", "event": "test_end", "step": "test", "test": "tests/test_kernel.py::test_gradient_matches_brute_force_minimum[3]", "outcome": "passed"}
{"ts": "2026-10-03T09:34:36.664651+00:00", "run_id": "pytest-0ad5862db4fd", "event": "test_start", "step": "test", "test": "tests/test_kernel.py::test_gradient_matches_brute_force_minimum[4]"}
{"ts": "2026-10-03T09:34:36.665871+00:00", "run_id": "pytest-0ad5862db4fd", "event": "assertion", "step": "dp", "basis": "brute-force enumeration + reference DP", "seed": 4, "n_seams_enumerated": 178, "brute_min": 694.0, "kernel_energy": 694.0, "kernel_columns": [1, 1, 0, 0, 1], "reference_columns": [1, 1, 0, 0, 1]}
{"ts": "2026-10-03T09:34:36.666301+00:00", "run_id": "pytest-0ad5862db4fd", "event": "test_end", "step": "test", "test": "tests/test_kernel.py::test_gradient_matches_brute_force_minimum[4]", "outcome": "passed"}
{"ts": "2026-10-03T09:34:36.666857+00:00", "run_id": "pytest-0ad5862db4fd", "event": "test_start", "step": "test", "test": "tests/test_kernel.py::test_gradient_matches_brute_force_minimum[5]"}
{"ts": "2026-10-03T09:34:36.668034+00:00", "run_id": "pytest-0ad5862db4fd", "event": "assertion", "step": "dp", "basis": "brute-force enumeration + reference DP", "seed": 5, "n_seams_enumerated": 178, "brute_min": 496.0, "kernel_energy": 496.0, "kernel_columns": [2, 1, 0, 1, 0], "reference_columns": [2, 1, 0, 1, 0]}
{"ts": "2026-10-03T09:34:36.668456+00:00", "run_id": "pytest-0ad5862db4fd", "event": "test_end", "step": "test", "test": "tests/test_kernel.py::test_gradient_matches_brute_force_minimum[5]", "outcome": "passed"}
{"ts": "2026-10-03T09:34:36.669003+00:00", "run_id": "pytest-0ad5862db4fd", "event": "test_start", "step": "test", "test": "tests/test_kernel.py::test_forward_matches_brute_force_minimum[0]"}
{"ts": "2026-10-03T09:34:36.670261+00:00", "run_id": "pytest-0ad5862db4fd", "event": "assertion", "step": "dp", "basis": "brute-force enumeration + reference DP", "seed": 0, "n_seams_enumerated": 178, "brute_min": 188.0, "kernel_energy": 188.0, "kernel_columns": [3, 3, 3, 2, 2], "reference_columns": [3, 3, 3, 2, 2]}
{"ts": "2026-10-03T09:34:36.670708+00:00", "run_id": "pytest-0ad5862db4fd", "event": "test_end", "step": "test", "test": "tests/test_kernel.py::test_forward_matches_brute_force_minimum[0]", "outcome": "passed"}
{"ts": "2026-10-03T09:34:36.671258+00:00", "run_id": "pytest-0ad5862db4fd", "event": "test_start", "step": "test", "test": "tests/test_kernel.py::test_forward_matches_brute_force_minimum[1]"}
{"ts": "2026-10-03T09:34:36.672619+00:00", "run_id": "pytest-0ad5862db4fd", "event": "assertion", "step": "dp", "basis": "brute-force enumeration + reference DP", "seed": 1, "n_seams_enumerated": 178, "brute_min": 170.0, "kernel_energy": 170.0, "kernel_columns": [2, 2, 2, 1, 1], "reference_columns": [2, 2, 2, 1, 1]}
{"ts": "2026-10-03T09:34:36.673056+00:00", "run_id": "pytest-0ad5862db4fd", "event": "test_end", "step": "test", "test": "tests/test_kernel.py::test_forward_matches_brute_force_minimum[1]", "outcome": "passed"}
{"ts": "2026-10-03T09:34:36.673578+00:00", "run_id": "pytest-0ad5862db4fd", "event": "test_start", "step": "test", "test": "tests/test_kernel.py::test_forward_matches_brute_force_minimum[2]"}
{"ts": "2026-10-03T09:34:36.674839+00:00", "run_id": "pytest-0ad5862db4fd", "event": "assertion", "step": "dp", "basis": "brute-force enumeration + reference DP", "seed": 2, "n_seams_enumerated": 178, "brute_min": 71.0, "kernel_energy": 71.0, "kernel_columns": [2, 2, 3, 3, 3], "reference_columns": [2, 2, 3, 3, 3]}
{"ts": "2026-10-03T09:34:36.675261+00:00", "run_id": "pytest-0ad5862db4fd", "event": "test_end", "step": "test", "test": "tests/test_kernel.py::test_forward_matches_brute_force_minimum[2]", "outcome": "passed"}
{"ts": "2026-10-03T09:34:36.675797+00:00", "run_id": "pytest-0ad5862db4fd", "event": "test_start", "step": "test", "test": "tests/test_kernel.py::test_forward_matches_brute_force_minimum[3]"}
{"ts": "2026-10-03T09:34:36.677000+00:00", "run_id": "pytest-0ad5862db4fd", "event": "assertion", "step": "dp", "basis": "brute-force enumeration + reference DP", "seed": 3, "n_seams_enumerated": 178, "brute_min": 214.0, "kernel_energy": 214.0, "kernel_columns": [0, 0, 0, 1, 1], "reference_columns": [0, 0, 0, 1, 1]}
{"ts": "2026-10-03T09:34:36.677409+00:00", "run_id": "pytest-0ad5862db4fd", "event": "test_end", "step": "test", "test": "tests/test_kernel.py::test_forward_matches_brute_force_minimum[3]", "outcome": "passed"}
{"ts": "2026-10-03T09:34:36.677961+00:00", "run_id": "pytest-0ad5862db4fd", "event": "test_start", "step": "test", "test": "tests/test_kernel.py::test_forward_matches_brute_force_minimum[4]"}
{"ts": "2026-10-03T09:34:36.679173+00:00", "run_id": "pytest-0ad5862db4fd", "event": "assertion", "step": "dp", "basis": "brute-force enumeration + reference DP", "seed": 4, "n_seams_enumerated": 178, "brute_min": 250.0, "kernel_energy": 250.0, "kernel_columns": [1, 1, 1, 2, 2], "reference_columns": [1, 1, 1, 2, 2]}
{"ts": "2026-10-03T09:34:36.679582+00:00", "run_id": "pytest-0ad5862db4fd", "event": "test_end", "step": "test", "test": "tests/test_kernel.py::test_forward_matches_brute_force_minimum[4]", "outcome": "passed"}
{"ts": "2026-10-03T09:34:36.680129+00:00", "run_id": "pytest-0ad5862db4fd", "event": "test_start", "step": "test", "test": "tests/test_kernel.py::test_forward_matches_brute_force_minimum[5]"}
{"ts": "2026-10-03T09:34:36.681354+00:00", "run_id": "pytest-0ad5862db4fd", "event": "assertion", "step": "dp", "basis": "brute-force enumeration + reference DP", "seed": 5, "n_seams_enumerated": 178, "brute_min": 139.0, "kernel_energy": 139.0, "kernel_columns": [2, 2, 2, 2, 2], "reference_columns": [2, 2, 2, 2, 2]}
{"ts": "2026-10-03T09:34:36.681841+00:00", "run_id": "pytest-0ad5862db4fd", "event": "test_end", "step": "test", "test": "tests/test_kernel.py::test_forward_matches_brute_force_minimum[5]", "outcome": "passed"}
{"ts": "2026-10-03T09:34:36.682488+00:00", "run_id": "pytest-0ad5862db4fd", "event": "test_start", "step": "test", "test": "tests/test_kernel.py::test_displacement_limit_is_one_on_fixtures"}
{"ts": "2026-10-03T09:34:36.686726+00:00", "run_id": "pytest-0ad5862db4fd", "event": "test_end", "step": "test", "test": "tests/test_kernel.py::test_displacement_limit_is_one_on_fixtures", "outcome": "passed"}
{"ts": "2026-10-03T09:34:36.687451+00:00", "run_id": "pytest-0ad5862db4fd", "event": "test_start", "step": "test", "test": "tests/test_protection.py::test_fully_protected_row_rejects[gradient]"}
{"ts": "2026-10-03T09:34:36.688258+00:00", "run_id": "pytest-0ad5862db4fd", "event": "assertion", "step": "dp", "basis": "full protected row -> +inf cost row", "input": "protected_row_6x6", "input_sha256": "4570511c3c32c3409af5a59938927555bb8a745ad1a17bfdba09e4241e44e2b0", "mode": "gradient", "expected_category": "NO_LEGAL_SEAM"}
{"ts": "2026-10-03T09:34:36.688984+00:00", "run_id": "pytest-0ad5862db4fd", "event": "test_end", "step": "test", "test": "tests/test_protection.py::test_fully_protected_row_rejects[gradient]", "outcome": "passed"}
{"ts": "2026-10-03T09:34:36.689547+00:00", "run_id": "pytest-0ad5862db4fd", "event": "test_start", "step": "test", "test": "tests/test_protection.py::test_fully_protected_row_rejects[forward]"}
{"ts": "2026-10-03T09:34:36.690393+00:00", "run_id": "pytest-0ad5862db4fd", "event": "assertion", "step": "dp", "basis": "full protected row -> +inf cost row", "input": "protected_row_6x6", "input_sha256": "4570511c3c32c3409af5a59938927555bb8a745ad1a17bfdba09e4241e44e2b0", "mode": "forward", "expected_category": "NO_LEGAL_SEAM"}
{"ts": "2026-10-03T09:34:36.691361+00:00", "run_id": "pytest-0ad5862db4fd", "event": "test_end", "step": "test", "test": "tests/test_protection.py::test_fully_protected_row_rejects[forward]", "outcome": "passed"}
{"ts": "2026-10-03T09:34:36.691964+00:00", "run_id": "pytest-0ad5862db4fd", "event": "test_start", "step": "test", "test": "tests/test_protection.py::test_fully_protected_image_rejects[gradient]"}
{"ts": "2026-10-03T09:34:36.692875+00:00", "run_id": "pytest-0ad5862db4fd", "event": "test_end", "step": "test", "test": "tests/test_protection.py::test_fully_protected_image_rejects[gradient]", "outcome": "passed"}
{"ts": "2026-10-03T09:34:36.693439+00:00", "run_id": "pytest-0ad5862db4fd", "event": "test_start", "step": "test", "test": "tests/test_protection.py::test_fully_protected_image_rejects[forward]"}
{"ts": "2026-10-03T09:34:36.694350+00:00", "run_id": "pytest-0ad5862db4fd", "event": "test_end", "step": "test", "test": "tests/test_protection.py::test_fully_protected_image_rejects[forward]", "outcome": "passed"}
{"ts": "2026-10-03T09:34:36.695094+00:00", "run_id": "pytest-0ad5862db4fd", "event": "test_start", "step": "test", "test": "tests/test_protection.py::test_protected_column_forces_detour_gradient"}
{"ts": "2026-10-03T09:34:36.695793+00:00", "run_id": "pytest-0ad5862db4fd", "event": "assertion", "step": "dp", "basis": "hand-derived DP with protected cells", "input": "hand_4x4", "protected": [[1, 0], [2, 0]], "expected_columns": [3, 3, 3, 3], "expected_energy": 120.0, "got_columns": [3, 3, 3, 3], "got_energy": 120.0}
{"ts": "2026-10-03T09:34:36.696215+00:00", "run_id": "pytest-0ad5862db4fd", "event": "test_end", "step": "test", "test": "tests/test_protection.py::test_protected_column_forces_detour_gradient", "outcome": "passed"}
{"ts": "2026-10-03T09:34:36.696759+00:00", "run_id": "pytest-0ad5862db4fd", "event": "test_start", "step": "test", "test": "tests/test_protection.py::test_seam_never_crosses_protected_cells[0-gradient]"}
{"ts": "2026-10-03T09:34:36.697902+00:00", "run_id": "pytest-0ad5862db4fd", "event": "test_end", "step": "test", "test": "tests/test_protection.py::test_seam_never_crosses_protected_cells[0-gradient]", "outcome": "passed"}
{"ts": "2026-10-03T09:34:36.698444+00:00", "run_id": "pytest-0ad5862db4fd", "event": "test_start", "step": "test", "test": "tests/test_protection.py::test_seam_never_crosses_protected_cells[0-forward]"}
{"ts": "2026-10-03T09:34:36.699533+00:00", "run_id": "pytest-0ad5862db4fd", "event": "test_end", "step": "test", "test": "tests/test_protection.py::test_seam_never_crosses_protected_cells[0-forward]", "outcome": "passed"}
{"ts": "2026-10-03T09:34:36.700121+00:00", "run_id": "pytest-0ad5862db4fd", "event": "test_start", "step": "test", "test": "tests/test_protection.py::test_seam_never_crosses_protected_cells[1-gradient]"}
{"ts": "2026-10-03T09:34:36.701208+00:00", "run_id": "pytest-0ad5862db4fd", "event": "test_end", "step": "test", "test": "tests/test_protection.py::test_seam_never_crosses_protected_cells[1-gradient]", "outcome": "passed"}
{"ts": "2026-10-03T09:34:36.701780+00:00", "run_id": "pytest-0ad5862db4fd", "event": "test_start", "step": "test", "test": "tests/test_protection.py::test_seam_never_crosses_protected_cells[1-forward]"}
{"ts": "2026-10-03T09:34:36.703052+00:00", "run_id": "pytest-0ad5862db4fd", "event": "test_end", "step": "test", "test": "tests/test_protection.py::test_seam_never_crosses_protected_cells[1-forward]", "outcome": "passed"}
{"ts": "2026-10-03T09:34:36.703594+00:00", "run_id": "pytest-0ad5862db4fd", "event": "test_start", "step": "test", "test": "tests/test_protection.py::test_seam_never_crosses_protected_cells[2-gradient]"}
{"ts": "2026-10-03T09:34:36.704673+00:00", "run_id": "pytest-0ad5862db4fd", "event": "test_end", "step": "test", "test": "tests/test_protection.py::test_seam_never_crosses_protected_cells[2-gradient]", "outcome": "passed"}
{"ts": "2026-10-03T09:34:36.705341+00:00", "run_id": "pytest-0ad5862db4fd", "event": "test_start", "step": "test", "test": "tests/test_protection.py::test_seam_never_crosses_protected_cells[2-forward]"}
{"ts": "2026-10-03T09:34:36.706659+00:00", "run_id": "pytest-0ad5862db4fd", "event": "test_end", "step": "test", "test": "tests/test_protection.py::test_seam_never_crosses_protected_cells[2-forward]", "outcome": "passed"}
{"ts": "2026-10-03T09:34:36.707240+00:00", "run_id": "pytest-0ad5862db4fd", "event": "test_start", "step": "test", "test": "tests/test_protection.py::test_seam_never_crosses_protected_cells[3-gradient]"}
{"ts": "2026-10-03T09:34:36.708335+00:00", "run_id": "pytest-0ad5862db4fd", "event": "test_end", "step": "test", "test": "tests/test_protection.py::test_seam_never_crosses_protected_cells[3-gradient]", "outcome": "passed"}
{"ts": "2026-10-03T09:34:36.709378+00:00", "run_id": "pytest-0ad5862db4fd", "event": "test_start", "step": "test", "test": "tests/test_protection.py::test_seam_never_crosses_protected_cells[3-forward]"}
{"ts": "2026-10-03T09:34:36.710514+00:00", "run_id": "pytest-0ad5862db4fd", "event": "test_end", "step": "test", "test": "tests/test_protection.py::test_seam_never_crosses_protected_cells[3-forward]", "outcome": "passed"}
{"ts": "2026-10-03T09:34:36.711144+00:00", "run_id": "pytest-0ad5862db4fd", "event": "test_start", "step": "test", "test": "tests/test_protection.py::test_seam_never_crosses_protected_cells[4-gradient]"}
{"ts": "2026-10-03T09:34:36.712250+00:00", "run_id": "pytest-0ad5862db4fd", "event": "test_end", "step": "test", "test": "tests/test_protection.py::test_seam_never_crosses_protected_cells[4-gradient]", "outcome": "passed"}
{"ts": "2026-10-03T09:34:36.712825+00:00", "run_id": "pytest-0ad5862db4fd", "event": "test_start", "step": "test", "test": "tests/test_protection.py::test_seam_never_crosses_protected_cells[4-forward]"}
{"ts": "2026-10-03T09:34:36.713922+00:00", "run_id": "pytest-0ad5862db4fd", "event": "test_end", "step": "test", "test": "tests/test_protection.py::test_seam_never_crosses_protected_cells[4-forward]", "outcome": "passed"}
{"ts": "2026-10-03T09:34:36.714644+00:00", "run_id": "pytest-0ad5862db4fd", "event": "test_start", "step": "test", "test": "tests/test_ties.py::test_uniform_image_ties_break_to_leftmost_straight"}
{"ts": "2026-10-03T09:34:36.715577+00:00", "run_id": "pytest-0ad5862db4fd", "event": "assertion", "step": "dp", "basis": "tie-break: leftmost + straight", "input": "uniform_5x5", "input_sha256": "b391a6d3671d076e2e5357cf12e475d7a029c8b989b97ef46bd81528db5362ea", "mode": "gradient", "expected_columns": [0, 0, 0, 0, 0], "got_columns": [0, 0, 0, 0, 0]}
{"ts": "2026-10-03T09:34:36.715964+00:00", "run_id": "pytest-0ad5862db4fd", "event": "assertion", "step": "dp", "basis": "tie-break: leftmost + straight", "input": "uniform_5x5", "input_sha256": "b391a6d3671d076e2e5357cf12e475d7a029c8b989b97ef46bd81528db5362ea", "mode": "forward", "expected_columns": [0, 0, 0, 0, 0], "got_columns": [0, 0, 0, 0, 0]}
{"ts": "2026-10-03T09:34:36.716366+00:00", "run_id": "pytest-0ad5862db4fd", "event": "test_end", "step": "test", "test": "tests/test_ties.py::test_uniform_image_ties_break_to_leftmost_straight", "outcome": "passed"}
{"ts": "2026-10-03T09:34:36.716932+00:00", "run_id": "pytest-0ad5862db4fd", "event": "test_start", "step": "test", "test": "tests/test_ties.py::test_center_preferred_over_up_left_on_tie"}
{"ts": "2026-10-03T09:34:36.717627+00:00", "run_id": "pytest-0ad5862db4fd", "event": "test_end", "step": "test", "test": "tests/test_ties.py::test_center_preferred_over_up_left_on_tie", "outcome": "passed"}
{"ts": "2026-10-03T09:34:36.718207+00:00", "run_id": "pytest-0ad5862db4fd", "event": "test_start", "step": "test", "test": "tests/test_ties.py::test_up_left_preferred_over_up_right_on_tie"}
{"ts": "2026-10-03T09:34:36.718907+00:00", "run_id": "pytest-0ad5862db4fd", "event": "test_end", "step": "test", "test": "tests/test_ties.py::test_up_left_preferred_over_up_right_on_tie", "outcome": "passed"}
{"ts": "2026-10-03T09:34:36.719460+00:00", "run_id": "pytest-0ad5862db4fd", "event": "test_start", "step": "test", "test": "tests/test_ties.py::test_ties_are_deterministic_across_calls"}
{"ts": "2026-10-03T09:34:36.721489+00:00", "run_id": "pytest-0ad5862db4fd", "event": "test_end", "step": "test", "test": "tests/test_ties.py::test_ties_are_deterministic_across_calls", "outcome": "passed"}
{"ts": "2026-10-03T09:34:36.721734+00:00", "run_id": "pytest-0ad5862db4fd", "event": "test_session_end", "step": "done", "records": 150}
